10-31 10:53:53.131 10897 10918 I TestRunner: started: textInputOutput(com.example.android.twoactivities.ExampleInstrumentedTest)
10-31 10:53:53.141 10897 10918 W Settings: Setting always_finish_activities has moved from android.provider.Settings.System to android.provider.Settings.Global, returning read-only value.
10-31 10:53:53.154   736  1011 D SplashScreenView: Build android.window.SplashScreenView{1f75dfe V.E...... ......ID 0,0-0,0}
10-31 10:53:53.154   736  1011 D SplashScreenView: Icon: view: null drawable: null size: 0
10-31 10:53:53.154   736  1011 D SplashScreenView: Branding: view: android.view.View{56a995f G.ED..... ......I. 0,0-0,0 #10204a6 android:id/splashscreen_branding_view} drawable: null size w: 0 h: 0
10-31 10:53:53.166 10897 10897 D LifecycleMonitor: Lifecycle status change: androidx.test.core.app.InstrumentationActivityInvoker$BootstrapActivity@642290e in: PRE_ON_CREATE
10-31 10:53:53.167 10897 10897 V ActivityScenario: Activity lifecycle changed event received but ignored because the intent does not match. startActivityIntent=Intent { act=android.intent.action.MAIN cat=[android.intent.category.LAUNCHER] cmp=com.example.android.twoactivities/.MainActivity }, activity.getIntent()=Intent { act=android.intent.action.MAIN cat=[android.intent.category.LAUNCHER] flg=0x10008000 cmp=com.example.android.twoactivities/androidx.test.core.app.InstrumentationActivityInvoker$BootstrapActivity (has extras) }, activity=androidx.test.core.app.InstrumentationActivityInvoker$BootstrapActivity@642290e
10-31 10:53:53.177   356   416 D goldfish-address-space: claimShared: Ask to claim region [0x3f0000000 0x3f09a4000]
10-31 10:53:53.179 10897 10897 D LifecycleMonitor: Lifecycle status change: androidx.test.core.app.InstrumentationActivityInvoker$BootstrapActivity@642290e in: CREATED
10-31 10:53:53.180 10897 10897 V ActivityScenario: Activity lifecycle changed event received but ignored because the intent does not match. startActivityIntent=Intent { act=android.intent.action.MAIN cat=[android.intent.category.LAUNCHER] cmp=com.example.android.twoactivities/.MainActivity }, activity.getIntent()=Intent { act=android.intent.action.MAIN cat=[android.intent.category.LAUNCHER] flg=0x10008000 cmp=com.example.android.twoactivities/androidx.test.core.app.InstrumentationActivityInvoker$BootstrapActivity (has extras) }, activity=androidx.test.core.app.InstrumentationActivityInvoker$BootstrapActivity@642290e
10-31 10:53:53.181   356   416 D goldfish-address-space: claimShared: Ask to claim region [0x3f09a4000 0x3f1348000]
10-31 10:53:53.182 10897 10897 D LifecycleMonitor: Lifecycle status change: androidx.test.core.app.InstrumentationActivityInvoker$BootstrapActivity@642290e in: STARTED
10-31 10:53:53.183 10897 10897 V ActivityScenario: Activity lifecycle changed event received but ignored because the intent does not match. startActivityIntent=Intent { act=android.intent.action.MAIN cat=[android.intent.category.LAUNCHER] cmp=com.example.android.twoactivities/.MainActivity }, activity.getIntent()=Intent { act=android.intent.action.MAIN cat=[android.intent.category.LAUNCHER] flg=0x10008000 cmp=com.example.android.twoactivities/androidx.test.core.app.InstrumentationActivityInvoker$BootstrapActivity (has extras) }, activity=androidx.test.core.app.InstrumentationActivityInvoker$BootstrapActivity@642290e
10-31 10:53:53.184   356   416 D goldfish-address-space: claimShared: Ask to claim region [0x3f1348000 0x3f1cec000]
10-31 10:53:53.189 10897 10897 D LifecycleMonitor: Lifecycle status change: androidx.test.core.app.InstrumentationActivityInvoker$BootstrapActivity@642290e in: RESUMED
10-31 10:53:53.190 10897 10897 V ActivityScenario: Activity lifecycle changed event received but ignored because the intent does not match. startActivityIntent=Intent { act=android.intent.action.MAIN cat=[android.intent.category.LAUNCHER] cmp=com.example.android.twoactivities/.MainActivity }, activity.getIntent()=Intent { act=android.intent.action.MAIN cat=[android.intent.category.LAUNCHER] flg=0x10008000 cmp=com.example.android.twoactivities/androidx.test.core.app.InstrumentationActivityInvoker$BootstrapActivity (has extras) }, activity=androidx.test.core.app.InstrumentationActivityInvoker$BootstrapActivity@642290e
10-31 10:53:53.191   356   416 D goldfish-address-space: claimShared: Ask to claim region [0x3f5eb7000 0x3f64e3000]
10-31 10:53:53.201 10897 10897 D LifecycleMonitor: Lifecycle status change: androidx.test.core.app.InstrumentationActivityInvoker$BootstrapActivity@642290e in: PAUSED
10-31 10:53:53.201 10897 10897 V ActivityScenario: Activity lifecycle changed event received but ignored because the intent does not match. startActivityIntent=Intent { act=android.intent.action.MAIN cat=[android.intent.category.LAUNCHER] cmp=com.example.android.twoactivities/.MainActivity }, activity.getIntent()=Intent { act=android.intent.action.MAIN cat=[android.intent.category.LAUNCHER] flg=0x10008000 cmp=com.example.android.twoactivities/androidx.test.core.app.InstrumentationActivityInvoker$BootstrapActivity (has extras) }, activity=androidx.test.core.app.InstrumentationActivityInvoker$BootstrapActivity@642290e
10-31 10:53:53.224 10897 10897 D LifecycleMonitor: Lifecycle status change: com.example.android.twoactivities.MainActivity@34c9b35 in: PRE_ON_CREATE
10-31 10:53:53.225 10897 10897 V ActivityScenario: Activity lifecycle changed event received but ignored because the reported transition was not ON_CREATE while the last known transition was PRE_ON_CREATE
10-31 10:53:53.260 10897 10897 D LifecycleMonitor: Lifecycle status change: com.example.android.twoactivities.MainActivity@34c9b35 in: CREATED
10-31 10:53:53.260 10897 10897 V ActivityScenario: Update currentActivityStage to CREATED, currentActivity=com.example.android.twoactivities.MainActivity@34c9b35
10-31 10:53:53.262 10897 10897 D LifecycleMonitor: Lifecycle status change: com.example.android.twoactivities.MainActivity@34c9b35 in: STARTED
10-31 10:53:53.262 10897 10897 V ActivityScenario: Update currentActivityStage to STARTED, currentActivity=com.example.android.twoactivities.MainActivity@34c9b35
10-31 10:53:53.263 10897 10897 D LifecycleMonitor: Lifecycle status change: com.example.android.twoactivities.MainActivity@34c9b35 in: RESUMED
10-31 10:53:53.264 10897 10897 V ActivityScenario: Update currentActivityStage to RESUMED, currentActivity=com.example.android.twoactivities.MainActivity@34c9b35
10-31 10:53:53.289   356   416 D goldfish-address-space: claimShared: Ask to claim region [0x3f1cec000 0x3f2690000]
10-31 10:53:53.292   356   416 D goldfish-address-space: claimShared: Ask to claim region [0x3f64e3000 0x3f6e87000]
10-31 10:53:53.293   356   416 D goldfish-address-space: claimShared: Ask to claim region [0x3f41cb000 0x3f4b6f000]
10-31 10:53:53.312 10897 10897 D RootViewPicker: Root not ready - waiting: 10ms for one to appear.
10-31 10:53:53.314 10897 10897 D LifecycleMonitor: Lifecycle status change: androidx.test.core.app.InstrumentationActivityInvoker$BootstrapActivity@642290e in: STOPPED
10-31 10:53:53.315 10897 10897 V ActivityScenario: Activity lifecycle changed event received but ignored because the intent does not match. startActivityIntent=Intent { act=android.intent.action.MAIN cat=[android.intent.category.LAUNCHER] cmp=com.example.android.twoactivities/.MainActivity }, activity.getIntent()=Intent { act=android.intent.action.MAIN cat=[android.intent.category.LAUNCHER] flg=0x10008000 cmp=com.example.android.twoactivities/androidx.test.core.app.InstrumentationActivityInvoker$BootstrapActivity (has extras) }, activity=androidx.test.core.app.InstrumentationActivityInvoker$BootstrapActivity@642290e
10-31 10:53:53.322 10897 10897 D RootViewPicker: Root not ready - waiting: 25ms for one to appear.
10-31 10:53:53.324   560  2378 W InputManager-JNI: Input channel object '2c32ff Splash Screen com.example.android.twoactivities (client)' was disposed without first being removed with the input manager!
10-31 10:53:53.341  8039  8039 I GoogleInputMethodService: GoogleInputMethodService.onFinishInput():3420
10-31 10:53:53.341  8039  8039 I GoogleInputMethodService: GoogleInputMethodService.onStartInput():2002
10-31 10:53:53.342  8039  8039 I DeviceUnlockedTag: DeviceUnlockedTag.notifyDeviceLockStatusChanged():31 Notify device unlocked.
10-31 10:53:53.376 10897 10897 I ViewInteraction: Performing 'type text(This is a test.)' action on view with id: com.example.android.twoactivities:id/editText_main
10-31 10:53:53.432  8039  8039 I GoogleInputMethodService: GoogleInputMethodService.onFinishInput():3420
10-31 10:53:53.433 10897 10897 D CompatibilityChangeReporter: Compat change id reported: 163400105; UID 10147; state: ENABLED
10-31 10:53:53.433 10897 10897 D InputMethodManager: showSoftInput() view=androidx.appcompat.widget.AppCompatEditText{a73fb71 VFED..CL. .F.P..ID 22,1741-772,1865 #7f080055 app:id/editText_main aid=1073741824} flags=0 reason=SHOW_SOFT_INPUT
10-31 10:53:53.445 10897 10897 I AssistStructure: Flattened final assist data: 1732 bytes, containing 1 windows, 10 views
10-31 10:53:53.446  8039  8039 I GoogleInputMethodService: GoogleInputMethodService.onStartInput():2002
10-31 10:53:53.447  8039  8039 I DeviceUnlockedTag: DeviceUnlockedTag.notifyDeviceLockStatusChanged():31 Notify device unlocked.
10-31 10:53:53.451  8039  8039 I GoogleInputMethodService: GoogleInputMethodService.onStartInputView():2148
10-31 10:53:53.452  8039  8039 I DeviceUnlockedTag: DeviceUnlockedTag.notifyDeviceLockStatusChanged():31 Notify device unlocked.
10-31 10:53:53.455  8039  8039 I KeyboardViewUtil: KeyboardViewUtil.getKeyboardHeightRatio():166 systemKeyboardHeightRatio:1.000000; userKeyboardHeightRatio:1.000000.
10-31 10:53:53.455  8039  8039 I AndroidIME: AbstractIme.onActivate():86 LatinIme.onActivate() : EditorInfo = inputType=Text imeActionName=DONE dump=[inputType=0x51 imeOptions=0x6 privateImeOptions=null actionLabel=null actionId=0 initialSelStart=0 initialSelEnd=0 initialCapsMode=0x0 hintText=Enter Your Message Here label=null packageName=com.example.android.twoactivities autofillId=1073741824 fieldId=2131230805 fieldName=null extras=Bundle[{android.support.text.emoji.emojiCompat_metadataVersion=7, android.support.text.emoji.emojiCompat_replaceAll=false}] hintLocales=null contentMimeTypes=null ], IncognitoMode = false, DeviceLocked = false
10-31 10:53:53.456  8039  8039 I Delight5Facilitator: Delight5Facilitator.initializeForIme():718 initializeForIme() : Locale = [en_US], layout = qwerty
10-31 10:53:53.458  8039  8039 I VoiceInputManagerWrapper: VoiceInputManagerWrapper.cancelShutdown():54 cancelShutdown()
10-31 10:53:53.458  8039  8039 I VoiceInputManagerWrapper: VoiceInputManagerWrapper.syncLanguagePacks():66 syncLanguagePacks()
10-31 10:53:53.461  8039  8039 I LatinIme: LatinIme.updateEnableInlineSuggestionsOnDecoderSideFlags():1293 inline flag updated to:false
10-31 10:53:53.464  8039  8955 I SpeechFactory: SpeechRecognitionFactory.maybeScheduleAutoPackDownloadForFallback():182 maybeScheduleAutoPackDownloadForFallback()
10-31 10:53:53.464  8039  8955 I FallbackOnDeviceRecognitionProvider: FallbackOnDeviceRecognitionProvider.maybeScheduleAutoPackDownload():194 maybeScheduleAutoPackDownload() for language tag en-US
10-31 10:53:53.474  8039  8039 I KeyboardWrapper: KeyboardWrapper.consumeEvent():287 Skip consuming an event as current keyboard is deactivated (state=0, keyboard existence=true)
10-31 10:53:53.479  1217  1217 W kve     : Pending fill request while another request in the same session was triggered. [CONTEXT service_id=177 ]
10-31 10:53:53.480  8039  8039 I KeyboardViewUtil: KeyboardViewUtil.calculateMaxKeyboardBodyHeight():62 leave 344 height for app when screen height:2208, header height:121 and isFullscreenMode:false, so the max keyboard body height is:1743
10-31 10:53:53.483  8039  8039 I NormalModeController: NormalModeController.getKeyboardBodyViewHolderPaddingBottom():109 currentPrimeKeyboardType:SOFT systemPaddingBottom:-1
10-31 10:53:53.485  8039  8039 I KeyboardViewUtil: KeyboardViewUtil.calculateMaxKeyboardBodyHeight():62 leave 344 height for app when screen height:2208, header height:121 and isFullscreenMode:false, so the max keyboard body height is:1743
10-31 10:53:53.485  8039  8111 I Delight5Decoder: Delight5DecoderWrapper.setKeyboardLayout():434 setKeyboardLayout()
10-31 10:53:53.488  8039  8039 I NormalModeController: NormalModeController.getKeyboardBodyViewHolderPaddingBottom():109 currentPrimeKeyboardType:SOFT systemPaddingBottom:-1
10-31 10:53:53.489  8039  8039 I NormalModeController: NormalModeController.getKeyboardBodyViewHolderPaddingBottom():109 currentPrimeKeyboardType:SOFT systemPaddingBottom:-1
10-31 10:53:53.491   982   982 V InlineSuggestionRenderService: handleDestroySuggestionViews called for 0:548264069
10-31 10:53:53.498  8039  8039 I ProactiveSuggestionsHolderManager: ProactiveSuggestionsHolderManager$3.display():213 Requesting to show proactive suggestions: CLIPBOARD PREEMPTIVE_WITH_SUPPRESSION
10-31 10:53:53.502  8039  8039 I VoiceImeExtension: VoiceImeExtension.shouldStartVoiceInputAutomatically():354 No private IME option set to start voice input.
10-31 10:53:53.528   356   416 D goldfish-address-space: claimShared: Ask to claim region [0x3f0000000 0x3f090c000]
10-31 10:53:53.546   356   416 D goldfish-address-space: claimShared: Ask to claim region [0x3f090c000 0x3f1218000]
10-31 10:53:53.550 10897 10897 D InsetsController: show(ime(), fromIme=true)
10-31 10:53:53.560   356   416 D goldfish-address-space: claimShared: Ask to claim region [0x3f1218000 0x3f1b24000]
10-31 10:53:53.581  3966  3966 D BoundBrokerSvc: onBind: Intent { act=com.google.android.gms.common.BIND_SHARED_PREFS pkg=com.google.android.gms }
10-31 10:53:53.581  3966  3966 D BoundBrokerSvc: Loading bound service for intent: Intent { act=com.google.android.gms.common.BIND_SHARED_PREFS pkg=com.google.android.gms }
10-31 10:53:53.583  3966  3966 D BoundBrokerSvc: onUnbind: Intent { act=com.google.android.gms.common.BIND_SHARED_PREFS pkg=com.google.android.gms }
10-31 10:53:53.591  3966  3966 D BoundBrokerSvc: onBind: Intent { act=com.google.android.gms.common.BIND_SHARED_PREFS pkg=com.google.android.gms }
10-31 10:53:53.591  3966  3966 D BoundBrokerSvc: Loading bound service for intent: Intent { act=com.google.android.gms.common.BIND_SHARED_PREFS pkg=com.google.android.gms }
10-31 10:53:53.594  3966  3966 D BoundBrokerSvc: onUnbind: Intent { act=com.google.android.gms.common.BIND_SHARED_PREFS pkg=com.google.android.gms }
10-31 10:53:53.953 10897 10897 D UiControllerImpl: Injecting string: "This is a test."
10-31 10:53:53.984  8039  8039 I ShortcutsDataManager: ShortcutsDataManager.onContentChanged():73 onContentChanged()
10-31 10:53:54.025  8039  8039 I InlineSuggestionCandidateViewController: InlineSuggestionCandidateViewController.textCandidatesUpdated():621 Not showing inline suggestion tooltip v2; has candidates
10-31 10:53:54.027  8039  8039 I KeyboardViewController: KeyboardViewController.lambda$showSelfAndAncestors$6():594 current view doesn't has the priority com.google.android.apps.inputmethod.latin.keyboard.widget.LatinFixedCountCandidatesHolderView{617af0b I.E...... ......ID 99,0-969,121 #7f0b145f app:id/softkey_holder_fixed_candidates} to show itself, PREEMPTIVE
10-31 10:53:54.096  8039  8039 W InputContextProxy: InputContextProxy.applyClientDiffInternal():892 Ignore [FetchSuggestions] diff due to stale request: 107<109, inputStateId=53, lastInputStateId=54
10-31 10:53:54.130  8039  8039 W InputContextProxy: InputContextProxy.applyClientDiffInternal():892 Ignore [FetchSuggestions] diff due to stale request: 109<111, inputStateId=55, lastInputStateId=56
10-31 10:53:54.132  8039  8039 I InlineSuggestionCandidateViewController: InlineSuggestionCandidateViewController.textCandidatesUpdated():621 Not showing inline suggestion tooltip v2; has candidates
10-31 10:53:54.133  8039  8039 I KeyboardViewController: KeyboardViewController.lambda$showSelfAndAncestors$6():594 current view doesn't has the priority com.google.android.apps.inputmethod.latin.keyboard.widget.LatinFixedCountCandidatesHolderView{617af0b I.E...... ......ID 99,0-969,121 #7f0b145f app:id/softkey_holder_fixed_candidates} to show itself, PREEMPTIVE
10-31 10:53:54.176  8039  8039 I InlineSuggestionCandidateViewController: InlineSuggestionCandidateViewController.textCandidatesUpdated():621 Not showing inline suggestion tooltip v2; has candidates
10-31 10:53:54.177  8039  8039 I KeyboardViewController: KeyboardViewController.lambda$showSelfAndAncestors$6():594 current view doesn't has the priority com.google.android.apps.inputmethod.latin.keyboard.widget.LatinFixedCountCandidatesHolderView{617af0b I.E...... ......ID 99,0-969,121 #7f0b145f app:id/softkey_holder_fixed_candidates} to show itself, PREEMPTIVE
10-31 10:53:54.209  8039  8039 I InlineSuggestionCandidateViewController: InlineSuggestionCandidateViewController.textCandidatesUpdated():621 Not showing inline suggestion tooltip v2; has candidates
10-31 10:53:54.210  8039  8039 I KeyboardViewController: KeyboardViewController.lambda$showSelfAndAncestors$6():594 current view doesn't has the priority com.google.android.apps.inputmethod.latin.keyboard.widget.LatinFixedCountCandidatesHolderView{617af0b I.E...... ......ID 99,0-969,121 #7f0b145f app:id/softkey_holder_fixed_candidates} to show itself, PREEMPTIVE
10-31 10:53:54.216  8039  8039 I InlineSuggestionCandidateViewController: InlineSuggestionCandidateViewController.textCandidatesUpdated():621 Not showing inline suggestion tooltip v2; has candidates
10-31 10:53:54.217  8039  8039 I KeyboardViewController: KeyboardViewController.lambda$showSelfAndAncestors$6():594 current view doesn't has the priority com.google.android.apps.inputmethod.latin.keyboard.widget.LatinFixedCountCandidatesHolderView{617af0b I.E...... ......ID 99,0-969,121 #7f0b145f app:id/softkey_holder_fixed_candidates} to show itself, PREEMPTIVE
10-31 10:53:54.251  8039  8039 I InlineSuggestionCandidateViewController: InlineSuggestionCandidateViewController.textCandidatesUpdated():621 Not showing inline suggestion tooltip v2; has candidates
10-31 10:53:54.252  8039  8039 I KeyboardViewController: KeyboardViewController.lambda$showSelfAndAncestors$6():594 current view doesn't has the priority com.google.android.apps.inputmethod.latin.keyboard.widget.LatinFixedCountCandidatesHolderView{617af0b I.E...... ......ID 99,0-969,121 #7f0b145f app:id/softkey_holder_fixed_candidates} to show itself, PREEMPTIVE
10-31 10:53:54.315  8039  8039 W InputContextProxy: InputContextProxy.applyClientDiffInternal():892 Ignore [FetchSuggestions] diff due to stale request: 121<123, inputStateId=69, lastInputStateId=71
10-31 10:53:54.320  8039  8039 W InputContextProxy: InputContextProxy.applyClientDiffInternal():892 Ignore [FetchSuggestions] diff due to stale request: 124<126, inputStateId=73, lastInputStateId=74
10-31 10:53:54.323  8039  8039 I InlineSuggestionCandidateViewController: InlineSuggestionCandidateViewController.textCandidatesUpdated():621 Not showing inline suggestion tooltip v2; has candidates
10-31 10:53:54.325  8039  8039 I KeyboardViewController: KeyboardViewController.lambda$showSelfAndAncestors$6():594 current view doesn't has the priority com.google.android.apps.inputmethod.latin.keyboard.widget.LatinFixedCountCandidatesHolderView{617af0b I.E...... ......ID 99,0-969,121 #7f0b145f app:id/softkey_holder_fixed_candidates} to show itself, PREEMPTIVE
10-31 10:53:54.341 10897 10920 D EGL_emulation: app_time_stats: avg=12.55ms min=1.64ms max=82.66ms count=31
10-31 10:53:54.365  8039  8039 W InputContextProxy: InputContextProxy.applyClientDiffInternal():892 Ignore [FetchSuggestions] diff due to stale request: 128<132, inputStateId=78, lastInputStateId=81
10-31 10:53:54.373  8039  8111 I native  : I1031 10:53:54.372940    8111 input-context-store.cc:238] Ignoring stale client request for FetchSuggestions
10-31 10:53:54.426  8039  8039 W InputContextProxy: InputContextProxy.applyClientDiffInternal():892 Ignore [FetchSuggestions] diff due to stale request: 131<133, inputStateId=81, lastInputStateId=81
10-31 10:53:54.427  8039  8039 I InlineSuggestionCandidateViewController: InlineSuggestionCandidateViewController.textCandidatesUpdated():621 Not showing inline suggestion tooltip v2; has candidates
10-31 10:53:54.428  8039  8039 I KeyboardViewController: KeyboardViewController.lambda$showSelfAndAncestors$6():594 current view doesn't has the priority com.google.android.apps.inputmethod.latin.keyboard.widget.LatinFixedCountCandidatesHolderView{617af0b I.E...... ......ID 99,0-969,121 #7f0b145f app:id/softkey_holder_fixed_candidates} to show itself, PREEMPTIVE
10-31 10:53:54.460  8039  8039 I InlineSuggestionCandidateViewController: InlineSuggestionCandidateViewController.textCandidatesUpdated():621 Not showing inline suggestion tooltip v2; has candidates
10-31 10:53:54.462  8039  8039 I KeyboardViewController: KeyboardViewController.lambda$showSelfAndAncestors$6():594 current view doesn't has the priority com.google.android.apps.inputmethod.latin.keyboard.widget.LatinFixedCountCandidatesHolderView{617af0b I.E...... ......ID 99,0-969,121 #7f0b145f app:id/softkey_holder_fixed_candidates} to show itself, PREEMPTIVE
10-31 10:53:54.495  8039  8039 I InlineSuggestionCandidateViewController: InlineSuggestionCandidateViewController.textCandidatesUpdated():621 Not showing inline suggestion tooltip v2; has candidates
10-31 10:53:54.496  8039  8039 I KeyboardViewController: KeyboardViewController.lambda$showSelfAndAncestors$6():594 current view doesn't has the priority com.google.android.apps.inputmethod.latin.keyboard.widget.LatinFixedCountCandidatesHolderView{617af0b I.E...... ......ID 99,0-969,121 #7f0b145f app:id/softkey_holder_fixed_candidates} to show itself, PREEMPTIVE
10-31 10:53:54.496 10897 10897 I ViewInteraction: Performing 'single click' action on view with id: com.example.android.twoactivities:id/button_main
10-31 10:53:54.591 10897 10897 D MainActivity: Button clicked!
10-31 10:53:54.601 10897 10897 D LifecycleMonitor: Lifecycle status change: com.example.android.twoactivities.MainActivity@34c9b35 in: PAUSED
10-31 10:53:54.601 10897 10897 V ActivityScenario: Update currentActivityStage to PAUSED, currentActivity=com.example.android.twoactivities.MainActivity@34c9b35
10-31 10:53:54.604   356   416 D goldfish-address-space: claimShared: Ask to claim region [0x3f4b6f000 0x3f547b000]
10-31 10:53:54.620 10897 10897 D LifecycleMonitor: Lifecycle status change: com.example.android.twoactivities.SecondActivity@7fdb68d in: PRE_ON_CREATE
10-31 10:53:54.621 10897 10897 V ActivityScenario: Activity lifecycle changed event received but ignored because the intent does not match. startActivityIntent=Intent { act=android.intent.action.MAIN cat=[android.intent.category.LAUNCHER] cmp=com.example.android.twoactivities/.MainActivity }, activity.getIntent()=Intent { cmp=com.example.android.twoactivities/.SecondActivity (has extras) }, activity=com.example.android.twoactivities.SecondActivity@7fdb68d
10-31 10:53:54.649 10897 10897 D LifecycleMonitor: Lifecycle status change: com.example.android.twoactivities.SecondActivity@7fdb68d in: CREATED
10-31 10:53:54.650 10897 10897 V ActivityScenario: Activity lifecycle changed event received but ignored because the intent does not match. startActivityIntent=Intent { act=android.intent.action.MAIN cat=[android.intent.category.LAUNCHER] cmp=com.example.android.twoactivities/.MainActivity }, activity.getIntent()=Intent { cmp=com.example.android.twoactivities/.SecondActivity (has extras) }, activity=com.example.android.twoactivities.SecondActivity@7fdb68d
10-31 10:53:54.651 10897 10897 D LifecycleMonitor: Lifecycle status change: com.example.android.twoactivities.SecondActivity@7fdb68d in: STARTED
10-31 10:53:54.651 10897 10897 V ActivityScenario: Activity lifecycle changed event received but ignored because the intent does not match. startActivityIntent=Intent { act=android.intent.action.MAIN cat=[android.intent.category.LAUNCHER] cmp=com.example.android.twoactivities/.MainActivity }, activity.getIntent()=Intent { cmp=com.example.android.twoactivities/.SecondActivity (has extras) }, activity=com.example.android.twoactivities.SecondActivity@7fdb68d
10-31 10:53:54.652 10897 10897 D LifecycleMonitor: Lifecycle status change: com.example.android.twoactivities.SecondActivity@7fdb68d in: RESUMED
10-31 10:53:54.653 10897 10897 V ActivityScenario: Activity lifecycle changed event received but ignored because the intent does not match. startActivityIntent=Intent { act=android.intent.action.MAIN cat=[android.intent.category.LAUNCHER] cmp=com.example.android.twoactivities/.MainActivity }, activity.getIntent()=Intent { cmp=com.example.android.twoactivities/.SecondActivity (has extras) }, activity=com.example.android.twoactivities.SecondActivity@7fdb68d
10-31 10:53:54.679   356   416 D goldfish-address-space: claimShared: Ask to claim region [0x3f547b000 0x3f5e1f000]
10-31 10:53:54.681   356   416 D goldfish-address-space: claimShared: Ask to claim region [0x3f8000000 0x3f89a4000]
10-31 10:53:54.682   356   416 D goldfish-address-space: claimShared: Ask to claim region [0x3f89a4000 0x3f9348000]
10-31 10:53:54.697   560   581 I ActivityTaskManager: Displayed com.example.android.twoactivities/.SecondActivity: +1s549ms
10-31 10:53:54.702  8039  8039 E InputConnectionWrapper: InputConnectionWrapper.waitForInputConnectionFutureInternal():1486 Failed to get the input connection call's result.
10-31 10:53:54.702  8039  8039 E InputConnectionWrapper: java.util.concurrent.TimeoutException: Waited 100 milliseconds (plus 141176 nanoseconds delay) for ott@b93071[status=PENDING, info=[task=[running=[RUNNING ON ICWrapper-1], jeu@4023e56]]]
10-31 10:53:54.702  8039  8039 E InputConnectionWrapper: 	at oqk.get(PG:50)
10-31 10:53:54.702  8039  8039 E InputConnectionWrapper: 	at jfe.u(PG:2)
10-31 10:53:54.702  8039  8039 E InputConnectionWrapper: 	at jfe.t(PG:2)
10-31 10:53:54.702  8039  8039 E InputConnectionWrapper: 	at jfd.e(PG:8)
10-31 10:53:54.702  8039  8039 E InputConnectionWrapper: 	at jfm.D(PG:1)
10-31 10:53:54.702  8039  8039 E InputConnectionWrapper: 	at jfm.x(PG:1)
10-31 10:53:54.702  8039  8039 E InputConnectionWrapper: 	at jfm.c(PG:5)
10-31 10:53:54.702  8039  8039 E InputConnectionWrapper: 	at jfe.b(PG:14)
10-31 10:53:54.702  8039  8039 E InputConnectionWrapper: 	at dro.onUpdateSelection(PG:5)
10-31 10:53:54.702  8039  8039 E InputConnectionWrapper: 	at android.inputmethodservice.InputMethodService$InputMethodSessionImpl.updateSelection(InputMethodService.java:1020)
10-31 10:53:54.702  8039  8039 E InputConnectionWrapper: 	at android.inputmethodservice.IInputMethodSessionWrapper.executeMessage(IInputMethodSessionWrapper.java:105)
10-31 10:53:54.702  8039  8039 E InputConnectionWrapper: 	at com.android.internal.os.HandlerCaller$MyHandler.handleMessage(HandlerCaller.java:44)
10-31 10:53:54.702  8039  8039 E InputConnectionWrapper: 	at android.os.Handler.dispatchMessage(Handler.java:106)
10-31 10:53:54.702  8039  8039 E InputConnectionWrapper: 	at android.os.Looper.loopOnce(Looper.java:201)
10-31 10:53:54.702  8039  8039 E InputConnectionWrapper: 	at android.os.Looper.loop(Looper.java:288)
10-31 10:53:54.702  8039  8039 E InputConnectionWrapper: 	at android.app.ActivityThread.main(ActivityThread.java:7839)
10-31 10:53:54.702  8039  8039 E InputConnectionWrapper: 	at java.lang.reflect.Method.invoke(Native Method)
10-31 10:53:54.702  8039  8039 E InputConnectionWrapper: 	at com.android.internal.os.RuntimeInit$MethodAndArgsCaller.run(RuntimeInit.java:548)
10-31 10:53:54.702  8039  8039 E InputConnectionWrapper: 	at com.android.internal.os.ZygoteInit.main(ZygoteInit.java:1003)
10-31 10:53:54.702  8039  8039 W InputConnectionWrapper: InputConnectionWrapper.recordDuration():1449 IPC IC_GET_SURROUNDING_TEXT took 101 ms
10-31 10:53:54.706  8039  8111 W Delight5Decoder: Delight5DecoderWrapper.shouldAbandonMessage():1874 Detected old [FetchSuggestions] request in background: 139<140
10-31 10:53:54.742 10897 10897 D LifecycleMonitor: Lifecycle status change: com.example.android.twoactivities.MainActivity@34c9b35 in: STOPPED
10-31 10:53:54.742 10897 10897 V ActivityScenario: Update currentActivityStage to STOPPED, currentActivity=com.example.android.twoactivities.MainActivity@34c9b35
10-31 10:53:54.747  8039  8039 I GoogleInputMethodService: GoogleInputMethodService.onFinishInputView():2365
10-31 10:53:54.749  8039  8039 I InlineSuggestionCandidateViewController: InlineSuggestionCandidateViewController.setInlineSuggestionCandidateImpl():1163 set  to inlineSuggestionTextView
10-31 10:53:54.751  8039  8039 I KeyboardWrapper: KeyboardWrapper.consumeEvent():287 Skip consuming an event as current keyboard is deactivated (state=0, keyboard existence=true)
10-31 10:53:54.751  8039  8039 I VoiceInputManagerWrapper: VoiceInputManagerWrapper.shutdown():76 shutdown()
10-31 10:53:54.752  8039  8039 I AndroidIME: AbstractIme.onDeactivate():207 LatinIme.onDeactivate()
10-31 10:53:54.754  8039  8039 I GoogleInputMethodService: GoogleInputMethodService.onFinishInput():3420
10-31 10:53:54.754  8039  8039 I GoogleInputMethodService: GoogleInputMethodService.onStartInput():2002
10-31 10:53:54.755  8039  8039 I DeviceUnlockedTag: DeviceUnlockedTag.notifyDeviceLockStatusChanged():31 Notify device unlocked.
10-31 10:53:54.756  8039  8039 I ShortcutsDataManager: AbstractContentDataManager.startImportContentTask():235 startImportContentTask()
10-31 10:53:54.760   736  1012 D EGL_emulation: app_time_stats: avg=332.48ms min=9.32ms max=1151.60ms count=5
10-31 10:53:54.784  8039  8103 D EGL_emulation: app_time_stats: avg=83.09ms min=2.54ms max=774.93ms count=12
10-31 10:53:54.785  8039  8082 I ShortcutsDataManager: AbstractContentDataManager$ImportContentTask.doInBackground():249 doInBackground()
10-31 10:53:54.786  8039  8082 I PersonalDictionaryDataHandler: PersonalDictionaryDataHandler.beginProcess():111 LanguageTags = [en-US]
10-31 10:53:54.796  8039  8082 I ShortcutsDataManager: AbstractContentDataManager.importRecords():339 importRecords() : Success : Count = 0
10-31 10:53:54.798  8039  8082 I ShortcutsDataManager: AbstractContentDataManager.importContentData():289 importContentData() : Ending import process
10-31 10:53:54.798  8039  8111 I Delight5Decoder: Delight5DecoderWrapper.unloadLanguageModel():820 unloadLanguageModel() : 4, version [n/a]
10-31 10:53:54.810  8039  8082 I PersonalLanguageModelUpdater: PersonalLanguageModelUpdater$UpdateOperation.performInternal():162 run() : Added 0 words and 0 shortcuts
10-31 10:53:54.810  8039  8082 I DynamicLanguageModelOperation: DynamicLanguageModelOperation.perform():38 perform() : 4 : cny : Completed
10-31 10:53:54.811  8039  8111 I Delight5Decoder: Delight5DecoderWrapper.loadLanguageModel():614 loadLanguageModel() : 4, version [n/a]
10-31 10:53:54.812  8039  8111 I Delight5Decoder: Delight5DecoderWrapper.loadLanguageModel():652 Loaded dynamic LM 4.en
10-31 10:53:54.841  8039  8039 I ShortcutsDataManager: AbstractContentDataManager$ImportContentTask.onPostExecute():260 onPostExecute() : Result = [2,0]
10-31 10:53:54.841  8039  8039 I ShortcutsDataManager: ShortcutsDataManager.onImportFinished():83 onImportFinished() : Result = 2 : Count = 0
10-31 10:53:55.005 10897 10897 I ViewInteraction: Checking 'MatchesViewAssertion{viewMatcher=with text: is "This is a test."}' assertion on view with id: com.example.android.twoactivities:id/text_message
10-31 10:53:55.012 10897 10897 D LifecycleMonitor: Lifecycle status change: com.example.android.twoactivities.SecondActivity@7fdb68d in: PAUSED
10-31 10:53:55.012 10897 10897 V ActivityScenario: Activity lifecycle changed event received but ignored because the intent does not match. startActivityIntent=Intent { act=android.intent.action.MAIN cat=[android.intent.category.LAUNCHER] cmp=com.example.android.twoactivities/.MainActivity }, activity.getIntent()=Intent { cmp=com.example.android.twoactivities/.SecondActivity (has extras) }, activity=com.example.android.twoactivities.SecondActivity@7fdb68d
10-31 10:53:55.017 10897 10897 D LifecycleMonitor: Lifecycle status change: androidx.test.core.app.InstrumentationActivityInvoker$EmptyActivity@1d30c5a in: PRE_ON_CREATE
10-31 10:53:55.018 10897 10897 V ActivityScenario: Activity lifecycle changed event received but ignored because the intent does not match. startActivityIntent=Intent { act=android.intent.action.MAIN cat=[android.intent.category.LAUNCHER] cmp=com.example.android.twoactivities/.MainActivity }, activity.getIntent()=Intent { act=android.intent.action.MAIN cat=[android.intent.category.LAUNCHER] flg=0x10000000 cmp=com.example.android.twoactivities/androidx.test.core.app.InstrumentationActivityInvoker$EmptyActivity }, activity=androidx.test.core.app.InstrumentationActivityInvoker$EmptyActivity@1d30c5a
10-31 10:53:55.026 10897 10897 D LifecycleMonitor: Lifecycle status change: androidx.test.core.app.InstrumentationActivityInvoker$EmptyActivity@1d30c5a in: CREATED
10-31 10:53:55.027 10897 10897 V ActivityScenario: Activity lifecycle changed event received but ignored because the intent does not match. startActivityIntent=Intent { act=android.intent.action.MAIN cat=[android.intent.category.LAUNCHER] cmp=com.example.android.twoactivities/.MainActivity }, activity.getIntent()=Intent { act=android.intent.action.MAIN cat=[android.intent.category.LAUNCHER] flg=0x10000000 cmp=com.example.android.twoactivities/androidx.test.core.app.InstrumentationActivityInvoker$EmptyActivity }, activity=androidx.test.core.app.InstrumentationActivityInvoker$EmptyActivity@1d30c5a
10-31 10:53:55.029 10897 10897 D LifecycleMonitor: Lifecycle status change: androidx.test.core.app.InstrumentationActivityInvoker$EmptyActivity@1d30c5a in: STARTED
10-31 10:53:55.029 10897 10897 V ActivityScenario: Activity lifecycle changed event received but ignored because the intent does not match. startActivityIntent=Intent { act=android.intent.action.MAIN cat=[android.intent.category.LAUNCHER] cmp=com.example.android.twoactivities/.MainActivity }, activity.getIntent()=Intent { act=android.intent.action.MAIN cat=[android.intent.category.LAUNCHER] flg=0x10000000 cmp=com.example.android.twoactivities/androidx.test.core.app.InstrumentationActivityInvoker$EmptyActivity }, activity=androidx.test.core.app.InstrumentationActivityInvoker$EmptyActivity@1d30c5a
10-31 10:53:55.031 10897 10897 D LifecycleMonitor: Lifecycle status change: androidx.test.core.app.InstrumentationActivityInvoker$EmptyActivity@1d30c5a in: RESUMED
10-31 10:53:55.031 10897 10897 V ActivityScenario: Activity lifecycle changed event received but ignored because the intent does not match. startActivityIntent=Intent { act=android.intent.action.MAIN cat=[android.intent.category.LAUNCHER] cmp=com.example.android.twoactivities/.MainActivity }, activity.getIntent()=Intent { act=android.intent.action.MAIN cat=[android.intent.category.LAUNCHER] flg=0x10000000 cmp=com.example.android.twoactivities/androidx.test.core.app.InstrumentationActivityInvoker$EmptyActivity }, activity=androidx.test.core.app.InstrumentationActivityInvoker$EmptyActivity@1d30c5a
10-31 10:53:55.046   356   416 D goldfish-address-space: claimShared: Ask to claim region [0x3f1b24000 0x3f24c8000]
10-31 10:53:55.049   356   416 D goldfish-address-space: claimShared: Ask to claim region [0x3f41cb000 0x3f4b6f000]
10-31 10:53:55.050   356   356 D goldfish-address-space: claimShared: Ask to claim region [0x3f64e3000 0x3f6e87000]
10-31 10:53:55.056   560   581 I ActivityTaskManager: Displayed com.example.android.twoactivities/androidx.test.core.app.InstrumentationActivityInvoker$EmptyActivity: +47ms
10-31 10:53:55.077 10897 10897 D AutofillManager: onActivityFinishing(): calling cancelLocked()
10-31 10:53:55.078 10897 10897 D LifecycleMonitor: Lifecycle status change: com.example.android.twoactivities.MainActivity@34c9b35 in: DESTROYED
10-31 10:53:55.078 10897 10897 V ActivityScenario: Update currentActivityStage to DESTROYED, currentActivity=null
10-31 10:53:55.081   560  2372 W InputManager-JNI: Input channel object '2256d2c com.example.android.twoactivities/com.example.android.twoactivities.MainActivity (client)' was disposed without first being removed with the input manager!
10-31 10:53:55.084 10897 10897 D LifecycleMonitor: Lifecycle status change: com.example.android.twoactivities.SecondActivity@7fdb68d in: STOPPED
10-31 10:53:55.084 10897 10897 V ActivityScenario: Activity lifecycle changed event received but ignored because the intent does not match. startActivityIntent=Intent { act=android.intent.action.MAIN cat=[android.intent.category.LAUNCHER] cmp=com.example.android.twoactivities/.MainActivity }, activity.getIntent()=Intent { cmp=com.example.android.twoactivities/.SecondActivity (has extras) }, activity=com.example.android.twoactivities.SecondActivity@7fdb68d
10-31 10:53:55.088 10897 10897 D LifecycleMonitor: Lifecycle status change: androidx.test.core.app.InstrumentationActivityInvoker$EmptyActivity@1d30c5a in: PAUSED
10-31 10:53:55.089 10897 10897 V ActivityScenario: Activity lifecycle changed event received but ignored because the intent does not match. startActivityIntent=Intent { act=android.intent.action.MAIN cat=[android.intent.category.LAUNCHER] cmp=com.example.android.twoactivities/.MainActivity }, activity.getIntent()=Intent { act=android.intent.action.MAIN cat=[android.intent.category.LAUNCHER] flg=0x10000000 cmp=com.example.android.twoactivities/androidx.test.core.app.InstrumentationActivityInvoker$EmptyActivity }, activity=androidx.test.core.app.InstrumentationActivityInvoker$EmptyActivity@1d30c5a
10-31 10:53:55.098 10897 10897 D LifecycleMonitor: Lifecycle status change: androidx.test.core.app.InstrumentationActivityInvoker$BootstrapActivity@642290e in: DESTROYED
10-31 10:53:55.098 10897 10897 V ActivityScenario: Activity lifecycle changed event received but ignored because the intent does not match. startActivityIntent=Intent { act=android.intent.action.MAIN cat=[android.intent.category.LAUNCHER] cmp=com.example.android.twoactivities/.MainActivity }, activity.getIntent()=Intent { act=android.intent.action.MAIN cat=[android.intent.category.LAUNCHER] flg=0x10008000 cmp=com.example.android.twoactivities/androidx.test.core.app.InstrumentationActivityInvoker$BootstrapActivity (has extras) }, activity=androidx.test.core.app.InstrumentationActivityInvoker$BootstrapActivity@642290e
10-31 10:53:55.103 10897 10897 D LifecycleMonitor: Lifecycle status change: androidx.test.core.app.InstrumentationActivityInvoker$EmptyActivity@345807b in: PRE_ON_CREATE
10-31 10:53:55.104 10897 10897 V ActivityScenario: Activity lifecycle changed event received but ignored because the intent does not match. startActivityIntent=Intent { act=android.intent.action.MAIN cat=[android.intent.category.LAUNCHER] cmp=com.example.android.twoactivities/.MainActivity }, activity.getIntent()=Intent { act=android.intent.action.MAIN cat=[android.intent.category.LAUNCHER] flg=0x10000000 cmp=com.example.android.twoactivities/androidx.test.core.app.InstrumentationActivityInvoker$EmptyActivity }, activity=androidx.test.core.app.InstrumentationActivityInvoker$EmptyActivity@345807b
10-31 10:53:55.109 10897 10897 D LifecycleMonitor: Lifecycle status change: androidx.test.core.app.InstrumentationActivityInvoker$EmptyActivity@345807b in: CREATED
10-31 10:53:55.110 10897 10897 V ActivityScenario: Activity lifecycle changed event received but ignored because the intent does not match. startActivityIntent=Intent { act=android.intent.action.MAIN cat=[android.intent.category.LAUNCHER] cmp=com.example.android.twoactivities/.MainActivity }, activity.getIntent()=Intent { act=android.intent.action.MAIN cat=[android.intent.category.LAUNCHER] flg=0x10000000 cmp=com.example.android.twoactivities/androidx.test.core.app.InstrumentationActivityInvoker$EmptyActivity }, activity=androidx.test.core.app.InstrumentationActivityInvoker$EmptyActivity@345807b
10-31 10:53:55.111 10897 10897 D LifecycleMonitor: Lifecycle status change: androidx.test.core.app.InstrumentationActivityInvoker$EmptyActivity@345807b in: STARTED
10-31 10:53:55.111 10897 10897 V ActivityScenario: Activity lifecycle changed event received but ignored because the intent does not match. startActivityIntent=Intent { act=android.intent.action.MAIN cat=[android.intent.category.LAUNCHER] cmp=com.example.android.twoactivities/.MainActivity }, activity.getIntent()=Intent { act=android.intent.action.MAIN cat=[android.intent.category.LAUNCHER] flg=0x10000000 cmp=com.example.android.twoactivities/androidx.test.core.app.InstrumentationActivityInvoker$EmptyActivity }, activity=androidx.test.core.app.InstrumentationActivityInvoker$EmptyActivity@345807b
10-31 10:53:55.112 10897 10897 D LifecycleMonitor: Lifecycle status change: androidx.test.core.app.InstrumentationActivityInvoker$EmptyActivity@345807b in: RESUMED
10-31 10:53:55.112 10897 10897 V ActivityScenario: Activity lifecycle changed event received but ignored because the intent does not match. startActivityIntent=Intent { act=android.intent.action.MAIN cat=[android.intent.category.LAUNCHER] cmp=com.example.android.twoactivities/.MainActivity }, activity.getIntent()=Intent { act=android.intent.action.MAIN cat=[android.intent.category.LAUNCHER] flg=0x10000000 cmp=com.example.android.twoactivities/androidx.test.core.app.InstrumentationActivityInvoker$EmptyActivity }, activity=androidx.test.core.app.InstrumentationActivityInvoker$EmptyActivity@345807b
10-31 10:53:55.128   356   356 D goldfish-address-space: claimShared: Ask to claim region [0x3f9348000 0x3f9cec000]
10-31 10:53:55.130   356   356 D goldfish-address-space: claimShared: Ask to claim region [0x3f9cec000 0x3fa690000]
10-31 10:53:55.132   356   356 D goldfish-address-space: claimShared: Ask to claim region [0x3fdcec000 0x3fe690000]
10-31 10:53:55.141   560   581 I ActivityTaskManager: Displayed com.example.android.twoactivities/androidx.test.core.app.InstrumentationActivityInvoker$EmptyActivity: +76ms
10-31 10:53:55.141 10897 10918 I TestRunner: finished: textInputOutput(com.example.android.twoactivities.ExampleInstrumentedTest)
